Archive member included because of file (symbol)

/usr/lib/gcc/avr/4.8.1/avr4/libgcc.a(_divmodhi4.o)
                              user.o (__divmodhi4)
/usr/lib/gcc/avr/4.8.1/avr4/libgcc.a(_exit.o)
                              /usr/lib/gcc/avr/4.8.1/../../../avr/lib/avr4/crtm88pa.o (exit)
/usr/lib/gcc/avr/4.8.1/avr4/libgcc.a(_clear_bss.o)
                              user.o (__do_clear_bss)
/usr/lib/gcc/avr/4.8.1/avr4/libgcc.a(_udivmodhi4.o)
                              /usr/lib/gcc/avr/4.8.1/avr4/libgcc.a(_divmodhi4.o) (__udivmodhi4)
/usr/lib/gcc/avr/4.8.1/../../../avr/lib/avr4/libc.a(rand.o)
                              user.o (rand)
/usr/lib/gcc/avr/4.8.1/../../../avr/lib/avr4/libc.a(eerd_word_atmega88pa.o)
                              user.o (__eerd_word_m88pa)
/usr/lib/gcc/avr/4.8.1/../../../avr/lib/avr4/libc.a(eewr_word_atmega88pa.o)
                              user.o (__eewr_word_m88pa)
/usr/lib/gcc/avr/4.8.1/../../../avr/lib/avr4/libc.a(eerd_block_atmega88pa.o)
                              /usr/lib/gcc/avr/4.8.1/../../../avr/lib/avr4/libc.a(eerd_word_atmega88pa.o) (__eerd_blraw_m88pa)
/usr/lib/gcc/avr/4.8.1/../../../avr/lib/avr4/libc.a(eewr_byte_atmega88pa.o)
                              /usr/lib/gcc/avr/4.8.1/../../../avr/lib/avr4/libc.a(eewr_word_atmega88pa.o) (__eewr_byte_m88pa)
/usr/lib/gcc/avr/4.8.1/avr4/libgcc.a(_divmodsi4.o)
                              /usr/lib/gcc/avr/4.8.1/../../../avr/lib/avr4/libc.a(rand.o) (__divmodsi4)
/usr/lib/gcc/avr/4.8.1/avr4/libgcc.a(_negsi2.o)
                              /usr/lib/gcc/avr/4.8.1/avr4/libgcc.a(_divmodsi4.o) (__negsi2)
/usr/lib/gcc/avr/4.8.1/avr4/libgcc.a(_copy_data.o)
                              /usr/lib/gcc/avr/4.8.1/../../../avr/lib/avr4/libc.a(rand.o) (__do_copy_data)
/usr/lib/gcc/avr/4.8.1/avr4/libgcc.a(_muluhisi3.o)
                              /usr/lib/gcc/avr/4.8.1/../../../avr/lib/avr4/libc.a(rand.o) (__muluhisi3)
/usr/lib/gcc/avr/4.8.1/avr4/libgcc.a(_mulshisi3.o)
                              /usr/lib/gcc/avr/4.8.1/../../../avr/lib/avr4/libc.a(rand.o) (__mulohisi3)
/usr/lib/gcc/avr/4.8.1/avr4/libgcc.a(_udivmodsi4.o)
                              /usr/lib/gcc/avr/4.8.1/avr4/libgcc.a(_divmodsi4.o) (__udivmodsi4)
/usr/lib/gcc/avr/4.8.1/avr4/libgcc.a(_umulhisi3.o)
                              /usr/lib/gcc/avr/4.8.1/avr4/libgcc.a(_muluhisi3.o) (__umulhisi3)

割り当てている共通シンボル
共通シンボル        サイズ            ファイル

pos                 0xa               user.o
data                0x1               user.o

メモリ設定

名前           原点             長さ             属性
text             0x00000000         0x00002000         xr
data             0x00800060         0x0000ffa0         rw !x
eeprom           0x00810000         0x00010000         rw !x
fuse             0x00820000         0x00000400         rw !x
lock             0x00830000         0x00000400         rw !x
signature        0x00840000         0x00000400         rw !x
user_signatures  0x00850000         0x00000400         rw !x
*default*        0x00000000         0xffffffff

リンカスクリプトおよびメモリマップ

セクション .data のアドレスは次に設定されました: 0x800100
LOAD /usr/lib/gcc/avr/4.8.1/../../../avr/lib/avr4/crtm88pa.o
LOAD user.o
START GROUP
LOAD /usr/lib/gcc/avr/4.8.1/avr4/libgcc.a
LOAD /usr/lib/gcc/avr/4.8.1/../../../avr/lib/avr4/libm.a
LOAD /usr/lib/gcc/avr/4.8.1/../../../avr/lib/avr4/libc.a
END GROUP

.hash
 *(.hash)

.dynsym
 *(.dynsym)

.dynstr
 *(.dynstr)

.gnu.version
 *(.gnu.version)

.gnu.version_d
 *(.gnu.version_d)

.gnu.version_r
 *(.gnu.version_r)

.rel.init
 *(.rel.init)

.rela.init
 *(.rela.init)

.rel.text
 *(.rel.text)
 *(.rel.text.*)
 *(.rel.gnu.linkonce.t*)

.rela.text
 *(.rela.text)
 *(.rela.text.*)
 *(.rela.gnu.linkonce.t*)

.rel.fini
 *(.rel.fini)

.rela.fini
 *(.rela.fini)

.rel.rodata
 *(.rel.rodata)
 *(.rel.rodata.*)
 *(.rel.gnu.linkonce.r*)

.rela.rodata
 *(.rela.rodata)
 *(.rela.rodata.*)
 *(.rela.gnu.linkonce.r*)

.rel.data
 *(.rel.data)
 *(.rel.data.*)
 *(.rel.gnu.linkonce.d*)

.rela.data
 *(.rela.data)
 *(.rela.data.*)
 *(.rela.gnu.linkonce.d*)

.rel.ctors
 *(.rel.ctors)

.rela.ctors
 *(.rela.ctors)

.rel.dtors
 *(.rel.dtors)

.rela.dtors
 *(.rela.dtors)

.rel.got
 *(.rel.got)

.rela.got
 *(.rela.got)

.rel.bss
 *(.rel.bss)

.rela.bss
 *(.rela.bss)

.rel.plt
 *(.rel.plt)

.rela.plt
 *(.rela.plt)

.text           0x00000000      0x630
 *(.vectors)
 .vectors       0x00000000       0x34 /usr/lib/gcc/avr/4.8.1/../../../avr/lib/avr4/crtm88pa.o
                0x00000000                __vectors
                0x00000000                __vector_default
 *(.vectors)
 *(.progmem.gcc*)
 .progmem.gcc_sw_table
                0x00000034       0x20 user.o
                0x00000054                . = ALIGN (0x2)
                0x00000054                __trampolines_start = .
 *(.trampolines)
 .trampolines   0x00000054        0x0 linker stubs
 *(.trampolines*)
                0x00000054                __trampolines_end = .
 *(.progmem*)
                0x00000054                . = ALIGN (0x2)
 *(.jumptables)
 *(.jumptables*)
 *(.lowtext)
 *(.lowtext*)
                0x00000054                __ctors_start = .
 *(.ctors)
                0x00000054                __ctors_end = .
                0x00000054                __dtors_start = .
 *(.dtors)
                0x00000054                __dtors_end = .
 SORT(*)(.ctors)
 SORT(*)(.dtors)
 *(.init0)
 .init0         0x00000054        0x0 /usr/lib/gcc/avr/4.8.1/../../../avr/lib/avr4/crtm88pa.o
                0x00000054                __init
 *(.init0)
 *(.init1)
 *(.init1)
 *(.init2)
 .init2         0x00000054        0xc /usr/lib/gcc/avr/4.8.1/../../../avr/lib/avr4/crtm88pa.o
 *(.init2)
 *(.init3)
 *(.init3)
 *(.init4)
 .init4         0x00000060       0x10 /usr/lib/gcc/avr/4.8.1/avr4/libgcc.a(_clear_bss.o)
                0x00000060                __do_clear_bss
 .init4         0x00000070       0x16 /usr/lib/gcc/avr/4.8.1/avr4/libgcc.a(_copy_data.o)
                0x00000070                __do_copy_data
 *(.init4)
 *(.init5)
 *(.init5)
 *(.init6)
 *(.init6)
 *(.init7)
 *(.init7)
 *(.init8)
 *(.init8)
 *(.init9)
 .init9         0x00000086        0x4 /usr/lib/gcc/avr/4.8.1/../../../avr/lib/avr4/crtm88pa.o
 *(.init9)
 *(.text)
 .text          0x0000008a        0x2 /usr/lib/gcc/avr/4.8.1/../../../avr/lib/avr4/crtm88pa.o
                0x0000008a                __vector_22
                0x0000008a                __vector_1
                0x0000008a                __vector_24
                0x0000008a                __vector_12
                0x0000008a                __bad_interrupt
                0x0000008a                __vector_6
                0x0000008a                __vector_3
                0x0000008a                __vector_23
                0x0000008a                __vector_25
                0x0000008a                __vector_11
                0x0000008a                __vector_13
                0x0000008a                __vector_17
                0x0000008a                __vector_19
                0x0000008a                __vector_7
                0x0000008a                __vector_5
                0x0000008a                __vector_4
                0x0000008a                __vector_9
                0x0000008a                __vector_2
                0x0000008a                __vector_21
                0x0000008a                __vector_15
                0x0000008a                __vector_8
                0x0000008a                __vector_14
                0x0000008a                __vector_10
                0x0000008a                __vector_16
                0x0000008a                __vector_18
                0x0000008a                __vector_20
 .text          0x0000008c       0x12 user.o
                0x0000008c                init_rand
 .text          0x0000009e        0x0 /usr/lib/gcc/avr/4.8.1/avr4/libgcc.a(_divmodhi4.o)
 .text          0x0000009e        0x0 /usr/lib/gcc/avr/4.8.1/avr4/libgcc.a(_exit.o)
 .text          0x0000009e        0x0 /usr/lib/gcc/avr/4.8.1/avr4/libgcc.a(_clear_bss.o)
 .text          0x0000009e        0x0 /usr/lib/gcc/avr/4.8.1/avr4/libgcc.a(_udivmodhi4.o)
 .text          0x0000009e        0x0 /usr/lib/gcc/avr/4.8.1/../../../avr/lib/avr4/libc.a(rand.o)
 .text          0x0000009e        0x0 /usr/lib/gcc/avr/4.8.1/../../../avr/lib/avr4/libc.a(eerd_word_atmega88pa.o)
 .text          0x0000009e        0x0 /usr/lib/gcc/avr/4.8.1/../../../avr/lib/avr4/libc.a(eewr_word_atmega88pa.o)
 .text          0x0000009e        0x0 /usr/lib/gcc/avr/4.8.1/../../../avr/lib/avr4/libc.a(eerd_block_atmega88pa.o)
 .text          0x0000009e        0x0 /usr/lib/gcc/avr/4.8.1/../../../avr/lib/avr4/libc.a(eewr_byte_atmega88pa.o)
 .text          0x0000009e        0x0 /usr/lib/gcc/avr/4.8.1/avr4/libgcc.a(_divmodsi4.o)
 .text          0x0000009e        0x0 /usr/lib/gcc/avr/4.8.1/avr4/libgcc.a(_negsi2.o)
 .text          0x0000009e        0x0 /usr/lib/gcc/avr/4.8.1/avr4/libgcc.a(_copy_data.o)
 .text          0x0000009e        0x0 /usr/lib/gcc/avr/4.8.1/avr4/libgcc.a(_muluhisi3.o)
 .text          0x0000009e        0x0 /usr/lib/gcc/avr/4.8.1/avr4/libgcc.a(_mulshisi3.o)
 .text          0x0000009e        0x0 /usr/lib/gcc/avr/4.8.1/avr4/libgcc.a(_udivmodsi4.o)
 .text          0x0000009e        0x0 /usr/lib/gcc/avr/4.8.1/avr4/libgcc.a(_umulhisi3.o)
                0x0000009e                . = ALIGN (0x2)
 *(.text.*)
 .text.startup  0x0000009e      0x38e user.o
                0x0000009e                main
 .text.libgcc.mul
                0x0000042c        0x0 /usr/lib/gcc/avr/4.8.1/avr4/libgcc.a(_divmodhi4.o)
 .text.libgcc.div
                0x0000042c       0x26 /usr/lib/gcc/avr/4.8.1/avr4/libgcc.a(_divmodhi4.o)
                0x0000042c                __divmodhi4
                0x0000042c                _div
 .text.libgcc   0x00000452        0x0 /usr/lib/gcc/avr/4.8.1/avr4/libgcc.a(_divmodhi4.o)
 .text.libgcc.prologue
                0x00000452        0x0 /usr/lib/gcc/avr/4.8.1/avr4/libgcc.a(_divmodhi4.o)
 .text.libgcc.builtins
                0x00000452        0x0 /usr/lib/gcc/avr/4.8.1/avr4/libgcc.a(_divmodhi4.o)
 .text.libgcc.fmul
                0x00000452        0x0 /usr/lib/gcc/avr/4.8.1/avr4/libgcc.a(_divmodhi4.o)
 .text.libgcc.fixed
                0x00000452        0x0 /usr/lib/gcc/avr/4.8.1/avr4/libgcc.a(_divmodhi4.o)
 .text.libgcc.mul
                0x00000452        0x0 /usr/lib/gcc/avr/4.8.1/avr4/libgcc.a(_exit.o)
 .text.libgcc.div
                0x00000452        0x0 /usr/lib/gcc/avr/4.8.1/avr4/libgcc.a(_exit.o)
 .text.libgcc   0x00000452        0x0 /usr/lib/gcc/avr/4.8.1/avr4/libgcc.a(_exit.o)
 .text.libgcc.prologue
                0x00000452        0x0 /usr/lib/gcc/avr/4.8.1/avr4/libgcc.a(_exit.o)
 .text.libgcc.builtins
                0x00000452        0x0 /usr/lib/gcc/avr/4.8.1/avr4/libgcc.a(_exit.o)
 .text.libgcc.fmul
                0x00000452        0x0 /usr/lib/gcc/avr/4.8.1/avr4/libgcc.a(_exit.o)
 .text.libgcc.fixed
                0x00000452        0x0 /usr/lib/gcc/avr/4.8.1/avr4/libgcc.a(_exit.o)
 .text.libgcc.mul
                0x00000452        0x0 /usr/lib/gcc/avr/4.8.1/avr4/libgcc.a(_clear_bss.o)
 .text.libgcc.div
                0x00000452        0x0 /usr/lib/gcc/avr/4.8.1/avr4/libgcc.a(_clear_bss.o)
 .text.libgcc   0x00000452        0x0 /usr/lib/gcc/avr/4.8.1/avr4/libgcc.a(_clear_bss.o)
 .text.libgcc.prologue
                0x00000452        0x0 /usr/lib/gcc/avr/4.8.1/avr4/libgcc.a(_clear_bss.o)
 .text.libgcc.builtins
                0x00000452        0x0 /usr/lib/gcc/avr/4.8.1/avr4/libgcc.a(_clear_bss.o)
 .text.libgcc.fmul
                0x00000452        0x0 /usr/lib/gcc/avr/4.8.1/avr4/libgcc.a(_clear_bss.o)
 .text.libgcc.fixed
                0x00000452        0x0 /usr/lib/gcc/avr/4.8.1/avr4/libgcc.a(_clear_bss.o)
 .text.libgcc.mul
                0x00000452        0x0 /usr/lib/gcc/avr/4.8.1/avr4/libgcc.a(_udivmodhi4.o)
 .text.libgcc.div
                0x00000452       0x28 /usr/lib/gcc/avr/4.8.1/avr4/libgcc.a(_udivmodhi4.o)
                0x00000452                __udivmodhi4
 .text.libgcc   0x0000047a        0x0 /usr/lib/gcc/avr/4.8.1/avr4/libgcc.a(_udivmodhi4.o)
 .text.libgcc.prologue
                0x0000047a        0x0 /usr/lib/gcc/avr/4.8.1/avr4/libgcc.a(_udivmodhi4.o)
 .text.libgcc.builtins
                0x0000047a        0x0 /usr/lib/gcc/avr/4.8.1/avr4/libgcc.a(_udivmodhi4.o)
 .text.libgcc.fmul
                0x0000047a        0x0 /usr/lib/gcc/avr/4.8.1/avr4/libgcc.a(_udivmodhi4.o)
 .text.libgcc.fixed
                0x0000047a        0x0 /usr/lib/gcc/avr/4.8.1/avr4/libgcc.a(_udivmodhi4.o)
 .text.avr-libc
                0x0000047a       0xb2 /usr/lib/gcc/avr/4.8.1/../../../avr/lib/avr4/libc.a(rand.o)
                0x0000050a                rand_r
                0x0000050e                rand
                0x00000516                srand
 .text.avr-libc
                0x0000052c        0xa /usr/lib/gcc/avr/4.8.1/../../../avr/lib/avr4/libc.a(eerd_word_atmega88pa.o)
                0x0000052c                __eerd_word_m88pa
 .text.avr-libc
                0x00000536        0x6 /usr/lib/gcc/avr/4.8.1/../../../avr/lib/avr4/libc.a(eewr_word_atmega88pa.o)
                0x00000536                __eewr_word_m88pa
 .text.avr-libc
                0x0000053c       0x20 /usr/lib/gcc/avr/4.8.1/../../../avr/lib/avr4/libc.a(eerd_block_atmega88pa.o)
                0x0000053c                __eerd_block_m88pa
                0x00000540                __eerd_blraw_m88pa
 .text.avr-libc
                0x0000055c       0x1c /usr/lib/gcc/avr/4.8.1/../../../avr/lib/avr4/libc.a(eewr_byte_atmega88pa.o)
                0x0000055c                __eewr_byte_m88pa
                0x0000055e                __eewr_r18_m88pa
 .text.libgcc.mul
                0x00000578        0x0 /usr/lib/gcc/avr/4.8.1/avr4/libgcc.a(_divmodsi4.o)
 .text.libgcc.div
                0x00000578       0x28 /usr/lib/gcc/avr/4.8.1/avr4/libgcc.a(_divmodsi4.o)
                0x00000578                __divmodsi4
 .text.libgcc   0x000005a0        0x0 /usr/lib/gcc/avr/4.8.1/avr4/libgcc.a(_divmodsi4.o)
 .text.libgcc.prologue
                0x000005a0        0x0 /usr/lib/gcc/avr/4.8.1/avr4/libgcc.a(_divmodsi4.o)
 .text.libgcc.builtins
                0x000005a0        0x0 /usr/lib/gcc/avr/4.8.1/avr4/libgcc.a(_divmodsi4.o)
 .text.libgcc.fmul
                0x000005a0        0x0 /usr/lib/gcc/avr/4.8.1/avr4/libgcc.a(_divmodsi4.o)
 .text.libgcc.fixed
                0x000005a0        0x0 /usr/lib/gcc/avr/4.8.1/avr4/libgcc.a(_divmodsi4.o)
 .text.libgcc.mul
                0x000005a0        0x0 /usr/lib/gcc/avr/4.8.1/avr4/libgcc.a(_negsi2.o)
 .text.libgcc.div
                0x000005a0       0x10 /usr/lib/gcc/avr/4.8.1/avr4/libgcc.a(_negsi2.o)
                0x000005a0                __negsi2
 .text.libgcc   0x000005b0        0x0 /usr/lib/gcc/avr/4.8.1/avr4/libgcc.a(_negsi2.o)
 .text.libgcc.prologue
                0x000005b0        0x0 /usr/lib/gcc/avr/4.8.1/avr4/libgcc.a(_negsi2.o)
 .text.libgcc.builtins
                0x000005b0        0x0 /usr/lib/gcc/avr/4.8.1/avr4/libgcc.a(_negsi2.o)
 .text.libgcc.fmul
                0x000005b0        0x0 /usr/lib/gcc/avr/4.8.1/avr4/libgcc.a(_negsi2.o)
 .text.libgcc.fixed
                0x000005b0        0x0 /usr/lib/gcc/avr/4.8.1/avr4/libgcc.a(_negsi2.o)
 .text.libgcc.mul
                0x000005b0        0x0 /usr/lib/gcc/avr/4.8.1/avr4/libgcc.a(_copy_data.o)
 .text.libgcc.div
                0x000005b0        0x0 /usr/lib/gcc/avr/4.8.1/avr4/libgcc.a(_copy_data.o)
 .text.libgcc   0x000005b0        0x0 /usr/lib/gcc/avr/4.8.1/avr4/libgcc.a(_copy_data.o)
 .text.libgcc.prologue
                0x000005b0        0x0 /usr/lib/gcc/avr/4.8.1/avr4/libgcc.a(_copy_data.o)
 .text.libgcc.builtins
                0x000005b0        0x0 /usr/lib/gcc/avr/4.8.1/avr4/libgcc.a(_copy_data.o)
 .text.libgcc.fmul
                0x000005b0        0x0 /usr/lib/gcc/avr/4.8.1/avr4/libgcc.a(_copy_data.o)
 .text.libgcc.fixed
                0x000005b0        0x0 /usr/lib/gcc/avr/4.8.1/avr4/libgcc.a(_copy_data.o)
 .text.libgcc.mul
                0x000005b0       0x14 /usr/lib/gcc/avr/4.8.1/avr4/libgcc.a(_muluhisi3.o)
                0x000005b0                __muluhisi3
 .text.libgcc.div
                0x000005c4        0x0 /usr/lib/gcc/avr/4.8.1/avr4/libgcc.a(_muluhisi3.o)
 .text.libgcc   0x000005c4        0x0 /usr/lib/gcc/avr/4.8.1/avr4/libgcc.a(_muluhisi3.o)
 .text.libgcc.prologue
                0x000005c4        0x0 /usr/lib/gcc/avr/4.8.1/avr4/libgcc.a(_muluhisi3.o)
 .text.libgcc.builtins
                0x000005c4        0x0 /usr/lib/gcc/avr/4.8.1/avr4/libgcc.a(_muluhisi3.o)
 .text.libgcc.fmul
                0x000005c4        0x0 /usr/lib/gcc/avr/4.8.1/avr4/libgcc.a(_muluhisi3.o)
 .text.libgcc.fixed
                0x000005c4        0x0 /usr/lib/gcc/avr/4.8.1/avr4/libgcc.a(_muluhisi3.o)
 .text.libgcc.mul
                0x000005c4        0xc /usr/lib/gcc/avr/4.8.1/avr4/libgcc.a(_mulshisi3.o)
                0x000005c4                __mulshisi3
                0x000005c8                __mulohisi3
 .text.libgcc.div
                0x000005d0        0x0 /usr/lib/gcc/avr/4.8.1/avr4/libgcc.a(_mulshisi3.o)
 .text.libgcc   0x000005d0        0x0 /usr/lib/gcc/avr/4.8.1/avr4/libgcc.a(_mulshisi3.o)
 .text.libgcc.prologue
                0x000005d0        0x0 /usr/lib/gcc/avr/4.8.1/avr4/libgcc.a(_mulshisi3.o)
 .text.libgcc.builtins
                0x000005d0        0x0 /usr/lib/gcc/avr/4.8.1/avr4/libgcc.a(_mulshisi3.o)
 .text.libgcc.fmul
                0x000005d0        0x0 /usr/lib/gcc/avr/4.8.1/avr4/libgcc.a(_mulshisi3.o)
 .text.libgcc.fixed
                0x000005d0        0x0 /usr/lib/gcc/avr/4.8.1/avr4/libgcc.a(_mulshisi3.o)
 .text.libgcc.mul
                0x000005d0        0x0 /usr/lib/gcc/avr/4.8.1/avr4/libgcc.a(_udivmodsi4.o)
 .text.libgcc.div
                0x000005d0       0x44 /usr/lib/gcc/avr/4.8.1/avr4/libgcc.a(_udivmodsi4.o)
                0x000005d0                __udivmodsi4
 .text.libgcc   0x00000614        0x0 /usr/lib/gcc/avr/4.8.1/avr4/libgcc.a(_udivmodsi4.o)
 .text.libgcc.prologue
                0x00000614        0x0 /usr/lib/gcc/avr/4.8.1/avr4/libgcc.a(_udivmodsi4.o)
 .text.libgcc.builtins
                0x00000614        0x0 /usr/lib/gcc/avr/4.8.1/avr4/libgcc.a(_udivmodsi4.o)
 .text.libgcc.fmul
                0x00000614        0x0 /usr/lib/gcc/avr/4.8.1/avr4/libgcc.a(_udivmodsi4.o)
 .text.libgcc.fixed
                0x00000614        0x0 /usr/lib/gcc/avr/4.8.1/avr4/libgcc.a(_udivmodsi4.o)
 .text.libgcc.mul
                0x00000614       0x18 /usr/lib/gcc/avr/4.8.1/avr4/libgcc.a(_umulhisi3.o)
                0x00000614                __umulhisi3
 .text.libgcc.div
                0x0000062c        0x0 /usr/lib/gcc/avr/4.8.1/avr4/libgcc.a(_umulhisi3.o)
 .text.libgcc   0x0000062c        0x0 /usr/lib/gcc/avr/4.8.1/avr4/libgcc.a(_umulhisi3.o)
 .text.libgcc.prologue
                0x0000062c        0x0 /usr/lib/gcc/avr/4.8.1/avr4/libgcc.a(_umulhisi3.o)
 .text.libgcc.builtins
                0x0000062c        0x0 /usr/lib/gcc/avr/4.8.1/avr4/libgcc.a(_umulhisi3.o)
 .text.libgcc.fmul
                0x0000062c        0x0 /usr/lib/gcc/avr/4.8.1/avr4/libgcc.a(_umulhisi3.o)
 .text.libgcc.fixed
                0x0000062c        0x0 /usr/lib/gcc/avr/4.8.1/avr4/libgcc.a(_umulhisi3.o)
                0x0000062c                . = ALIGN (0x2)
 *(.fini9)
 .fini9         0x0000062c        0x0 /usr/lib/gcc/avr/4.8.1/avr4/libgcc.a(_exit.o)
                0x0000062c                exit
                0x0000062c                _exit
 *(.fini9)
 *(.fini8)
 *(.fini8)
 *(.fini7)
 *(.fini7)
 *(.fini6)
 *(.fini6)
 *(.fini5)
 *(.fini5)
 *(.fini4)
 *(.fini4)
 *(.fini3)
 *(.fini3)
 *(.fini2)
 *(.fini2)
 *(.fini1)
 *(.fini1)
 *(.fini0)
 .fini0         0x0000062c        0x4 /usr/lib/gcc/avr/4.8.1/avr4/libgcc.a(_exit.o)
 *(.fini0)
                0x00000630                _etext = .

.data           0x00800100        0x4 ロードアドレス 0x00000630
                0x00800100                PROVIDE (__data_start, .)
 *(.data)
 .data          0x00800100        0x0 /usr/lib/gcc/avr/4.8.1/../../../avr/lib/avr4/crtm88pa.o
 .data          0x00800100        0x0 user.o
 .data          0x00800100        0x0 /usr/lib/gcc/avr/4.8.1/avr4/libgcc.a(_divmodhi4.o)
 .data          0x00800100        0x0 /usr/lib/gcc/avr/4.8.1/avr4/libgcc.a(_exit.o)
 .data          0x00800100        0x0 /usr/lib/gcc/avr/4.8.1/avr4/libgcc.a(_clear_bss.o)
 .data          0x00800100        0x0 /usr/lib/gcc/avr/4.8.1/avr4/libgcc.a(_udivmodhi4.o)
 .data          0x00800100        0x4 /usr/lib/gcc/avr/4.8.1/../../../avr/lib/avr4/libc.a(rand.o)
 .data          0x00800104        0x0 /usr/lib/gcc/avr/4.8.1/../../../avr/lib/avr4/libc.a(eerd_word_atmega88pa.o)
 .data          0x00800104        0x0 /usr/lib/gcc/avr/4.8.1/../../../avr/lib/avr4/libc.a(eewr_word_atmega88pa.o)
 .data          0x00800104        0x0 /usr/lib/gcc/avr/4.8.1/../../../avr/lib/avr4/libc.a(eerd_block_atmega88pa.o)
 .data          0x00800104        0x0 /usr/lib/gcc/avr/4.8.1/../../../avr/lib/avr4/libc.a(eewr_byte_atmega88pa.o)
 .data          0x00800104        0x0 /usr/lib/gcc/avr/4.8.1/avr4/libgcc.a(_divmodsi4.o)
 .data          0x00800104        0x0 /usr/lib/gcc/avr/4.8.1/avr4/libgcc.a(_negsi2.o)
 .data          0x00800104        0x0 /usr/lib/gcc/avr/4.8.1/avr4/libgcc.a(_copy_data.o)
 .data          0x00800104        0x0 /usr/lib/gcc/avr/4.8.1/avr4/libgcc.a(_muluhisi3.o)
 .data          0x00800104        0x0 /usr/lib/gcc/avr/4.8.1/avr4/libgcc.a(_mulshisi3.o)
 .data          0x00800104        0x0 /usr/lib/gcc/avr/4.8.1/avr4/libgcc.a(_udivmodsi4.o)
 .data          0x00800104        0x0 /usr/lib/gcc/avr/4.8.1/avr4/libgcc.a(_umulhisi3.o)
 *(.data*)
 *(.rodata)
 *(.rodata*)
 *(.gnu.linkonce.d*)
                0x00800104                . = ALIGN (0x2)
                0x00800104                _edata = .
                0x00800104                PROVIDE (__data_end, .)

.bss            0x00800104       0x1a
                0x00800104                PROVIDE (__bss_start, .)
 *(.bss)
 .bss           0x00800104        0x0 /usr/lib/gcc/avr/4.8.1/../../../avr/lib/avr4/crtm88pa.o
 .bss           0x00800104        0xf user.o
 .bss           0x00800113        0x0 /usr/lib/gcc/avr/4.8.1/avr4/libgcc.a(_divmodhi4.o)
 .bss           0x00800113        0x0 /usr/lib/gcc/avr/4.8.1/avr4/libgcc.a(_exit.o)
 .bss           0x00800113        0x0 /usr/lib/gcc/avr/4.8.1/avr4/libgcc.a(_clear_bss.o)
 .bss           0x00800113        0x0 /usr/lib/gcc/avr/4.8.1/avr4/libgcc.a(_udivmodhi4.o)
 .bss           0x00800113        0x0 /usr/lib/gcc/avr/4.8.1/../../../avr/lib/avr4/libc.a(rand.o)
 .bss           0x00800113        0x0 /usr/lib/gcc/avr/4.8.1/../../../avr/lib/avr4/libc.a(eerd_word_atmega88pa.o)
 .bss           0x00800113        0x0 /usr/lib/gcc/avr/4.8.1/../../../avr/lib/avr4/libc.a(eewr_word_atmega88pa.o)
 .bss           0x00800113        0x0 /usr/lib/gcc/avr/4.8.1/../../../avr/lib/avr4/libc.a(eerd_block_atmega88pa.o)
 .bss           0x00800113        0x0 /usr/lib/gcc/avr/4.8.1/../../../avr/lib/avr4/libc.a(eewr_byte_atmega88pa.o)
 .bss           0x00800113        0x0 /usr/lib/gcc/avr/4.8.1/avr4/libgcc.a(_divmodsi4.o)
 .bss           0x00800113        0x0 /usr/lib/gcc/avr/4.8.1/avr4/libgcc.a(_negsi2.o)
 .bss           0x00800113        0x0 /usr/lib/gcc/avr/4.8.1/avr4/libgcc.a(_copy_data.o)
 .bss           0x00800113        0x0 /usr/lib/gcc/avr/4.8.1/avr4/libgcc.a(_muluhisi3.o)
 .bss           0x00800113        0x0 /usr/lib/gcc/avr/4.8.1/avr4/libgcc.a(_mulshisi3.o)
 .bss           0x00800113        0x0 /usr/lib/gcc/avr/4.8.1/avr4/libgcc.a(_udivmodsi4.o)
 .bss           0x00800113        0x0 /usr/lib/gcc/avr/4.8.1/avr4/libgcc.a(_umulhisi3.o)
 *(.bss*)
 *(COMMON)
 COMMON         0x00800113        0xb user.o
                0x00800113                pos
                0x0080011d                data
                0x0080011e                PROVIDE (__bss_end, .)
                0x00000630                __data_load_start = LOADADDR (.data)
                0x00000634                __data_load_end = (__data_load_start + SIZEOF (.data))

.noinit         0x0080011e        0x0
                0x0080011e                PROVIDE (__noinit_start, .)
 *(.noinit*)
                0x0080011e                PROVIDE (__noinit_end, .)
                0x0080011e                _end = .
                0x0080011e                PROVIDE (__heap_start, .)

.eeprom         0x00810000        0x0
 *(.eeprom*)
                0x00810000                __eeprom_end = .

.fuse
 *(.fuse)
 *(.lfuse)
 *(.hfuse)
 *(.efuse)

.lock
 *(.lock*)

.signature
 *(.signature*)

.user_signatures
 *(.user_signatures*)

.stab
 *(.stab)

.stabstr
 *(.stabstr)

.stab.excl
 *(.stab.excl)

.stab.exclstr
 *(.stab.exclstr)

.stab.index
 *(.stab.index)

.stab.indexstr
 *(.stab.indexstr)

.comment        0x00000000       0x11
 *(.comment)
 .comment       0x00000000       0x11 user.o
                                 0x12 (緩和前のサイズ)
 .comment       0x00000000       0x12 /usr/lib/gcc/avr/4.8.1/../../../avr/lib/avr4/libc.a(rand.o)

.note.gnu.build-id
 *(.note.gnu.build-id)

.debug
 *(.debug)

.line
 *(.line)

.debug_srcinfo
 *(.debug_srcinfo)

.debug_sfnames
 *(.debug_sfnames)

.debug_aranges
 *(.debug_aranges)

.debug_pubnames
 *(.debug_pubnames)

.debug_info
 *(.debug_info .gnu.linkonce.wi.*)

.debug_abbrev
 *(.debug_abbrev)

.debug_line
 *(.debug_line .debug_line.* .debug_line_end)

.debug_frame
 *(.debug_frame)

.debug_str
 *(.debug_str)

.debug_loc
 *(.debug_loc)

.debug_macinfo
 *(.debug_macinfo)

.debug_weaknames
 *(.debug_weaknames)

.debug_funcnames
 *(.debug_funcnames)

.debug_typenames
 *(.debug_typenames)

.debug_varnames
 *(.debug_varnames)

.debug_pubtypes
 *(.debug_pubtypes)

.debug_ranges
 *(.debug_ranges)

.debug_macro
 *(.debug_macro)
OUTPUT(demo.elf elf32-avr)
LOAD linker stubs
